Launching lib\main.dart on sdk gphone64 x86 64 in debug mode...
Running Gradle task 'assembleDebug'...                          
flutter : lib/main.dart:3736:3: Error: Getters, setters and methods can't be de
clared to be 'const'.
At line:1 char:18
+ cd D:\apl_appen; flutter run 2>&1 > build_output.txt; type build_outp ...
+                  ~~~~~~~~~~~~~~~~~~~~~~~~~~~~~~~~~~~
    + CategoryInfo          : NotSpecified: (lib/main.dart:3... to be 'const'. 
   :String) [], RemoteException
    + FullyQualifiedErrorId : NativeCommandError
 
Try removing the 'const' keyword.
  const StudentDetailScreen({super.key, required this.studentUid});
  ^^^^^
lib/main.dart:3739:10: Error: 'build' is already declared in this scope.
  Widget build(BuildContext context) {
         ^^^^^
lib/main.dart:3630:10: Context: Previous declaration of 'build'.
  Widget build(BuildContext context) {
         ^^^^^
lib/main.dart:3624:7: Error: The non-abstract class '_ClassManagementScreen' is
 missing implementations for these members:
 - _ClassManagementScreen.StudentDetailScreen
Try to either
 - provide an implementation,
 - inherit an implementation from a superclass or mixin,
 - mark the class as abstract, or
 - provide a 'noSuchMethod' implementation.
class _ClassManagementScreen extends StatelessWidget {
      ^^^^^^^^^^^^^^^^^^^^^^
lib/main.dart:3736:9: Context: '_ClassManagementScreen.StudentDetailScreen' is 
defined here.
  const StudentDetailScreen({super.key, required this.studentUid});
        ^^^^^^^^^^^^^^^^^^^
lib/main.dart:2569:13: Error: No named parameter with the name 'onTap'.
            onTap: () {
            ^^^^^
/D:/flutter/packages/flutter/lib/src/material/icon_button.dart:186:9: Context: 
Found this candidate, but the arguments don't match.
  const IconButton({
        ^^^^^^^^^^
lib/main.dart:3736:30: Error: Super-initializer formal parameters can only be u
sed in generative constructors.
Try removing 'super.'.
  const StudentDetailScreen({super.key, required this.studentUid});
                             ^^^^^
lib/main.dart:3736:50: Error: Field formal parameters can only be used in a con
structor.
Try removing 'this.'.
  const StudentDetailScreen({super.key, required this.studentUid});
                                                 ^^^^
lib/main.dart:3742:14: Error: The getter 'studentUid' isn't defined for the typ
e '_ClassManagementScreen'.
 - '_ClassManagementScreen' is from 'package:apl_appen/main.dart' ('lib/main.da
rt').
Try correcting the name to the name of an existing getter, or defining a getter
 or field named 'studentUid'.
        .doc(studentUid)
             ^^^^^^^^^^
lib/main.dart:3802:43: Error: The getter 'studentUid' isn't defined for the typ
e '_ClassManagementScreen'.
 - '_ClassManagementScreen' is from 'package:apl_appen/main.dart' ('lib/main.da
rt').
Try correcting the name to the name of an existing getter, or defining a getter
 or field named 'studentUid'.
                              studentUid: studentUid,
                                          ^^^^^^^^^^
lib/main.dart:3824:57: Error: The getter 'studentUid' isn't defined for the typ
e '_ClassManagementScreen'.
 - '_ClassManagementScreen' is from 'package:apl_appen/main.dart' ('lib/main.da
rt').
Try correcting the name to the name of an existing getter, or defining a getter
 or field named 'studentUid'.
                        .where('studentUid', isEqualTo: studentUid)
                                                        ^^^^^^^^^^
Target kernel_snapshot_program failed: Exception


FAILURE: Build failed with an exception.

* What went wrong:
Execution failed for task ':app:compileFlutterBuildDebug'.
> Process 'command 'D:\flutter\bin\flutter.bat'' finished with non-zero exit va
lue 1

* Try:
> Run with --stacktrace option to get the stack trace.
> Run with --info or --debug option to get more log output.
> Run with --scan to get full insights.
> Get more help at https://help.gradle.org.

BUILD FAILED in 7s
Running Gradle task 'assembleDebug'...                              7,5s
Error: Gradle task assembleDebug failed with exit code 1
